Archive member included because of file (symbol)

kernel/blk_drv/blk_drv.a(ll_rw_blk.o)
                              fs/fs.o (ll_rw_block)
kernel/blk_drv/blk_drv.a(floppy.o)
                              kernel/kernel.o (do_floppy)
kernel/blk_drv/blk_drv.a(hd.o)
                              kernel/kernel.o (do_hd)
kernel/blk_drv/blk_drv.a(ramdisk.o)
                              kernel/blk_drv/blk_drv.a(hd.o) (rd_load)
kernel/chr_drv/chr_drv.a(tty_io.o)
                              init/main.o (tty_init)
kernel/chr_drv/chr_drv.a(console.o)
                              kernel/chr_drv/chr_drv.a(tty_io.o) (con_write)
kernel/chr_drv/chr_drv.a(serial.o)
                              kernel/chr_drv/chr_drv.a(tty_io.o) (rs_init)
kernel/chr_drv/chr_drv.a(tty_ioctl.o)
                              fs/fs.o (tty_ioctl)
kernel/math/math.a(math_emulate.o)
                              kernel/kernel.o (math_emulate)
lib/lib.a(ctype.o)            kernel/chr_drv/chr_drv.a(tty_io.o) (_ctype)
lib/lib.a(_exit.o)            init/main.o (_exit)
lib/lib.a(open.o)             init/main.o (open)
lib/lib.a(close.o)            init/main.o (close)
lib/lib.a(errno.o)            init/main.o (errno)
lib/lib.a(write.o)            init/main.o (write)
lib/lib.a(dup.o)              init/main.o (dup)
lib/lib.a(setsid.o)           init/main.o (setsid)
lib/lib.a(execve.o)           init/main.o (execve)
lib/lib.a(wait.o)             init/main.o (wait)

Allocating common symbols
Common symbol       size              file

errno               0x4               lib/lib.a(errno.o)
hash_table          0x4cc             fs/fs.o
rd_start            0x4               kernel/blk_drv/blk_drv.a(ramdisk.o)
request             0x480             kernel/blk_drv/blk_drv.a(ll_rw_blk.o)
user_stack          0x1000            kernel/kernel.o
_ctmp               0x1               lib/lib.a(ctype.o)
super_block         0x360             fs/fs.o
drive_info          0x20              init/main.o
file_table          0x400             fs/fs.o

Discarded input sections

 .note.GNU-stack
                0x0000000000000000        0x0 init/main.o
 .note.GNU-stack
                0x0000000000000000        0x0 kernel/kernel.o
 .note.GNU-stack
                0x0000000000000000        0x0 mm/mm.o
 .note.GNU-stack
                0x0000000000000000        0x0 fs/fs.o
 .note.GNU-stack
                0x0000000000000000        0x0 kernel/blk_drv/blk_drv.a(ll_rw_blk.o)
 .note.GNU-stack
                0x0000000000000000        0x0 kernel/blk_drv/blk_drv.a(floppy.o)
 .note.GNU-stack
                0x0000000000000000        0x0 kernel/blk_drv/blk_drv.a(hd.o)
 .note.GNU-stack
                0x0000000000000000        0x0 kernel/blk_drv/blk_drv.a(ramdisk.o)
 .note.GNU-stack
                0x0000000000000000        0x0 kernel/chr_drv/chr_drv.a(tty_io.o)
 .note.GNU-stack
                0x0000000000000000        0x0 kernel/chr_drv/chr_drv.a(console.o)
 .note.GNU-stack
                0x0000000000000000        0x0 kernel/chr_drv/chr_drv.a(serial.o)
 .note.GNU-stack
                0x0000000000000000        0x0 kernel/chr_drv/chr_drv.a(tty_ioctl.o)
 .note.GNU-stack
                0x0000000000000000        0x0 kernel/math/math.a(math_emulate.o)
 .note.GNU-stack
                0x0000000000000000        0x0 lib/lib.a(ctype.o)
 .note.GNU-stack
                0x0000000000000000        0x0 lib/lib.a(_exit.o)
 .note.GNU-stack
                0x0000000000000000        0x0 lib/lib.a(open.o)
 .note.GNU-stack
                0x0000000000000000        0x0 lib/lib.a(close.o)
 .note.GNU-stack
                0x0000000000000000        0x0 lib/lib.a(errno.o)
 .note.GNU-stack
                0x0000000000000000        0x0 lib/lib.a(write.o)
 .note.GNU-stack
                0x0000000000000000        0x0 lib/lib.a(dup.o)
 .note.GNU-stack
                0x0000000000000000        0x0 lib/lib.a(setsid.o)
 .note.GNU-stack
                0x0000000000000000        0x0 lib/lib.a(execve.o)
 .note.GNU-stack
                0x0000000000000000        0x0 lib/lib.a(wait.o)

Memory Configuration

Name             Origin             Length             Attributes
*default*        0x0000000000000000 0xffffffffffffffff

Linker script and memory map

Address of section .text set to 0x0
LOAD boot/head.o
LOAD init/main.o
LOAD kernel/kernel.o
LOAD mm/mm.o
LOAD fs/fs.o
LOAD kernel/blk_drv/blk_drv.a
LOAD kernel/chr_drv/chr_drv.a
LOAD kernel/math/math.a
LOAD lib/lib.a
                0x0000000008048000                PROVIDE (__executable_start, 0x8048000)
                0x0000000008048094                . = (0x8048000 + SIZEOF_HEADERS)

.interp
 *(.interp)

.note.gnu.build-id
 *(.note.gnu.build-id)

.hash
 *(.hash)

.gnu.hash
 *(.gnu.hash)

.dynsym
 *(.dynsym)

.dynstr
 *(.dynstr)

.gnu.version
 *(.gnu.version)

.gnu.version_d
 *(.gnu.version_d)

.gnu.version_r
 *(.gnu.version_r)

.rel.dyn        0x0000000008048094        0x0
 *(.rel.init)
 *(.rel.text .rel.text.* .rel.gnu.linkonce.t.*)
 .rel.text      0x0000000000000000        0x0 boot/head.o
 *(.rel.fini)
 *(.rel.rodata .rel.rodata.* .rel.gnu.linkonce.r.*)
 .rel.rodata    0x0000000000000000        0x0 boot/head.o
 *(.rel.data.rel.ro* .rel.gnu.linkonce.d.rel.ro.*)
 *(.rel.data .rel.data.* .rel.gnu.linkonce.d.*)
 .rel.data      0x0000000000000000        0x0 boot/head.o
 *(.rel.tdata .rel.tdata.* .rel.gnu.linkonce.td.*)
 *(.rel.tbss .rel.tbss.* .rel.gnu.linkonce.tb.*)
 *(.rel.ctors)
 *(.rel.dtors)
 *(.rel.got)
 *(.rel.bss .rel.bss.* .rel.gnu.linkonce.b.*)
 *(.rel.ifunc)

.rel.plt        0x0000000008048094        0x0
 *(.rel.plt)
                0x0000000008048094                PROVIDE (__rel_iplt_start, .)
 *(.rel.iplt)
 .rel.iplt      0x0000000000000000        0x0 boot/head.o
                0x0000000008048094                PROVIDE (__rel_iplt_end, .)

.init
 *(.init)

.plt            0x00000000080480a0        0x0
 *(.plt)
 *(.iplt)
 .iplt          0x0000000000000000        0x0 boot/head.o

.text           0x0000000000000000    0x1247c
 *(.text.unlikely .text.*_unlikely)
 *(.text.exit .text.exit.*)
 *(.text.startup .text.startup.*)
 *(.text.hot .text.hot.*)
 *(.text .stub .text.* .gnu.linkonce.t.*)
 .text          0x0000000000000000     0x64b8 boot/head.o
                0x0000000000000000                startup_32
                0x0000000000000000                pg_dir
                0x0000000000005000                tmp_floppy_area
                0x00000000000054b8                idt
                0x0000000000005cb8                gdt
 *fill*         0x00000000000064b8        0x8 90909090
 .text          0x00000000000064c0      0x4b4 init/main.o
                0x0000000000006501                init
                0x000000000000670d                main
 *fill*         0x0000000000006974        0xc 90909090
 .text          0x0000000000006980     0x26cb kernel/kernel.o
                0x0000000000006980                sys_alarm
                0x00000000000069e0                sys_getpid
                0x00000000000069ec                sys_getppid
                0x00000000000069f8                sys_getuid
                0x0000000000006a05                sys_geteuid
                0x0000000000006a12                sys_getgid
                0x0000000000006a1f                sys_getegid
                0x0000000000006a2c                sys_nice
                0x0000000000006a45                show_task
                0x0000000000006ab4                show_stat
                0x0000000000006ae1                math_state_restore
                0x0000000000006b1e                schedule
                0x0000000000006c1c                sys_pause
                0x0000000000006c32                sleep_on
                0x0000000000006c8c                interruptible_sleep_on
                0x0000000000006cf6                wake_up
                0x0000000000006d12                ticks_to_floppy_on
                0x0000000000006da0                floppy_on
                0x0000000000006dce                floppy_off
                0x0000000000006dde                do_floppy_timer
                0x0000000000006e60                add_timer
                0x0000000000006f24                do_timer
                0x0000000000006fd7                sched_init
                0x0000000000007108                system_call
                0x0000000000007182                coprocessor_error
                0x00000000000071a4                device_not_available
                0x00000000000071de                timer_interrupt
                0x0000000000007216                sys_execve
                0x0000000000007224                sys_fork
                0x000000000000723c                hd_interrupt
                0x0000000000007278                floppy_interrupt
                0x00000000000072ae                parallel_interrupt
                0x0000000000007429                do_double_fault
                0x0000000000007442                do_general_protection
                0x000000000000745b                do_divide_error
                0x0000000000007474                do_int3
                0x000000000000752c                do_nmi
                0x0000000000007545                do_debug
                0x000000000000755e                do_overflow
                0x0000000000007577                do_bounds
                0x0000000000007590                do_invalid_op
                0x00000000000075a9                do_device_not_available
                0x00000000000075c2                do_coprocessor_segment_overrun
                0x00000000000075db                do_invalid_TSS
                0x00000000000075f4                do_segment_not_present
                0x000000000000760d                do_stack_segment
                0x0000000000007626                do_coprocessor_error
                0x000000000000764c                do_reserved
                0x0000000000007665                trap_init
                0x0000000000007878                divide_error
                0x00000000000078ad                debug
                0x00000000000078b4                nmi
                0x00000000000078bb                int3
                0x00000000000078c2                overflow
                0x00000000000078c9                bounds
                0x00000000000078d0                invalid_op
                0x00000000000078d7                coprocessor_segment_overrun
                0x00000000000078de                reserved
                0x00000000000078e5                irq13
                0x00000000000078fa                double_fault
                0x0000000000007931                invalid_TSS
                0x0000000000007938                segment_not_present
                0x000000000000793f                stack_segment
                0x0000000000007946                general_protection
                0x0000000000007950                verify_area
                0x00000000000079b5                copy_mem
                0x0000000000007aaf                copy_process
                0x0000000000007d64                find_empty_process
                0x0000000000007dd0                panic
                0x0000000000007e0c                printk
                0x00000000000080c9                vsprintf
                0x00000000000083f8                sys_ftime
                0x00000000000083fe                sys_break
                0x0000000000008404                sys_ptrace
                0x000000000000840a                sys_stty
                0x0000000000008410                sys_gtty
                0x0000000000008416                sys_rename
                0x000000000000841c                sys_prof
                0x0000000000008422                sys_setregid
                0x00000000000084a3                sys_setgid
                0x00000000000084ba                sys_acct
                0x00000000000084c0                sys_phys
                0x00000000000084c6                sys_lock
                0x00000000000084cc                sys_mpx
                0x00000000000084d2                sys_ulimit
                0x00000000000084d8                sys_time
                0x000000000000852b                sys_setreuid
                0x00000000000085c9                sys_setuid
                0x00000000000085e0                sys_stime
                0x0000000000008623                sys_times
                0x0000000000008675                sys_brk
                0x00000000000086a8                sys_setpgid
                0x0000000000008727                sys_getpgrp
                0x0000000000008733                sys_setsid
                0x0000000000008779                sys_uname
                0x00000000000087c2                sys_umask
                0x00000000000087e0                release
                0x000000000000883a                sys_kill
                0x0000000000008a12                do_exit
                0x0000000000008c2f                sys_exit
                0x0000000000008c4a                sys_waitpid
                0x0000000000008db8                sys_sgetmask
                0x0000000000008dc4                sys_ssetmask
                0x0000000000008dde                sys_signal
                0x0000000000008e1c                sys_sigaction
                0x0000000000008f00                do_signal
                0x0000000000008fe4                kernel_mktime
 *fill*         0x000000000000904b        0x1 90909090
 .text          0x000000000000904c      0x7d7 mm/mm.o
                0x000000000000904c                get_free_page
                0x0000000000009081                free_page
                0x00000000000090da                free_page_tables
                0x0000000000009185                copy_page_tables
                0x0000000000009278                put_page
                0x000000000000932b                un_wp_page
                0x00000000000093d3                do_wp_page
                0x0000000000009403                write_verify
                0x0000000000009442                get_empty_page
                0x000000000000948a                do_no_page
                0x000000000000970f                mem_init
                0x0000000000009759                calc_mem
                0x00000000000097ec                page_fault
 *fill*         0x0000000000009823        0xd 90909090
 .text          0x0000000000009830     0x51f1 fs/fs.o
                0x0000000000009830                sys_ustat
                0x0000000000009836                sys_utime
                0x00000000000098a4                sys_access
                0x0000000000009936                sys_chdir
                0x0000000000009999                sys_chroot
                0x00000000000099fc                sys_chmod
                0x0000000000009a68                sys_chown
                0x0000000000009ac5                sys_open
                0x0000000000009c82                sys_creat
                0x0000000000009ca5                sys_close
                0x0000000000009d30                sys_lseek
                0x0000000000009dec                sys_read
                0x0000000000009f4e                sys_write
                0x000000000000a473                invalidate_inodes
                0x000000000000a4d5                sync_inodes
                0x000000000000a51f                bmap
                0x000000000000a538                create_block
                0x000000000000a551                iput
                0x000000000000a68e                get_empty_inode
                0x000000000000a787                get_pipe_inode
                0x000000000000a7cc                iget
                0x000000000000aa21                sys_sync
                0x000000000000aa89                sync_dev
                0x000000000000ab68                invalidate_buffers
                0x000000000000abce                check_disk_change
                0x000000000000ac96                get_hash_table
                0x000000000000acee                getblk
                0x000000000000aee1                brelse
                0x000000000000af33                bread
                0x000000000000afa8                bread_page
                0x000000000000b057                breada
                0x000000000000b110                buffer_init
                0x000000000000b1f6                get_super
                0x000000000000b4c4                put_super
                0x000000000000b54e                sys_umount
                0x000000000000b660                sys_mount
                0x000000000000b765                mount_root
                0x000000000000b8e0                block_write
                0x000000000000b9e6                block_read
                0x000000000000bbe7                rw_char
                0x000000000000bc40                file_read
                0x000000000000bdeb                file_write
                0x000000000000bfe4                sys_stat
                0x000000000000c01c                sys_fstat
                0x000000000000c1da                do_execve
                0x000000000000ca80                read_pipe
                0x000000000000cb92                write_pipe
                0x000000000000cca2                sys_pipe
                0x000000000000d35a                namei
                0x000000000000d416                open_namei
                0x000000000000d692                sys_mknod
                0x000000000000d835                sys_mkdir
                0x000000000000dac5                sys_rmdir
                0x000000000000de79                sys_unlink
                0x000000000000e058                sys_link
                0x000000000000e214                free_block
                0x000000000000e332                new_block
                0x000000000000e47c                free_inode
                0x000000000000e576                new_inode
                0x000000000000e73a                sys_dup2
                0x000000000000e75a                sys_dup
                0x000000000000e76a                sys_fcntl
                0x000000000000e828                sys_ioctl
                0x000000000000e919                truncate
 *fill*         0x000000000000ea21        0xf 90909090
 .text          0x000000000000ea30      0x23c kernel/blk_drv/blk_drv.a(ll_rw_blk.o)
                0x000000000000ea30                ll_rw_block
                0x000000000000ec4c                blk_dev_init
 *fill*         0x000000000000ec6c        0x4 90909090
 .text          0x000000000000ec70      0xc4b kernel/blk_drv/blk_drv.a(floppy.o)
                0x000000000000f321                floppy_deselect
                0x000000000000f72f                floppy_change
                0x000000000000f7a6                setup_rw_floppy
                0x000000000000f842                unexpected_floppy_interrupt
                0x000000000000f884                floppy_init
 *fill*         0x000000000000f8bb        0x5 90909090
 .text          0x000000000000f8c0      0x9a4 kernel/blk_drv/blk_drv.a(hd.o)
                0x000000000000ffd1                sys_setup
                0x0000000000010209                unexpected_hd_interrupt
                0x000000000001021c                hd_init
 .text          0x0000000000010264      0x3a9 kernel/blk_drv/blk_drv.a(ramdisk.o)
                0x000000000001041a                rd_init
                0x000000000001044d                rd_load
 *fill*         0x000000000001060d        0x3 90909090
 .text          0x0000000000010610      0x889 kernel/chr_drv/chr_drv.a(tty_io.o)
                0x0000000000010650                tty_init
                0x0000000000010661                tty_intr
                0x000000000001069a                wait_for_keypress
                0x00000000000106ab                copy_to_cooked
                0x0000000000010a24                tty_read
                0x0000000000010c9e                tty_write
                0x0000000000010e7b                do_tty_interrupt
                0x0000000000010e97                chr_dev_init
 *fill*         0x0000000000010e99        0x7 90909090
 .text          0x0000000000010ea0      0xf9f kernel/chr_drv/chr_drv.a(console.o)
                0x0000000000011185                csi_m
                0x00000000000111e0                con_write
                0x0000000000011c75                con_init
                0x0000000000011e2e                sysbeepstop
 *fill*         0x0000000000011e3f        0x1 90909090
 .text          0x0000000000011e40       0xdc kernel/chr_drv/chr_drv.a(serial.o)
                0x0000000000011e9a                rs_init
                0x0000000000011ef2                rs_write
 .text          0x0000000000011f1c      0x33a kernel/chr_drv/chr_drv.a(tty_ioctl.o)
                0x0000000000011f8e                tty_ioctl
 *fill*         0x0000000000012256        0x2 90909090
 .text          0x0000000000012258       0x89 kernel/math/math.a(math_emulate.o)
                0x0000000000012258                math_emulate
                0x00000000000122cd                math_error
 *fill*         0x00000000000122e1        0x3 90909090
 .text          0x00000000000122e4        0x0 lib/lib.a(ctype.o)
 .text          0x00000000000122e4        0xe lib/lib.a(_exit.o)
                0x00000000000122e4                _exit
 *fill*         0x00000000000122f2        0x2 90909090
 .text          0x00000000000122f4       0x3d lib/lib.a(open.o)
                0x00000000000122f4                open
 *fill*         0x0000000000012331        0x3 90909090
 .text          0x0000000000012334       0x23 lib/lib.a(close.o)
                0x0000000000012334                close
 *fill*         0x0000000000012357        0x1 90909090
 .text          0x0000000000012358        0x0 lib/lib.a(errno.o)
 .text          0x0000000000012358       0x3d lib/lib.a(write.o)
                0x0000000000012358                write
 *fill*         0x0000000000012395        0x3 90909090
 .text          0x0000000000012398       0x23 lib/lib.a(dup.o)
                0x0000000000012398                dup
 *fill*         0x00000000000123bb        0x1 90909090
 .text          0x00000000000123bc       0x1e lib/lib.a(setsid.o)
                0x00000000000123bc                setsid
 *fill*         0x00000000000123da        0x2 90909090
 .text          0x00000000000123dc       0x3d lib/lib.a(execve.o)
                0x00000000000123dc                execve
 *fill*         0x0000000000012419        0x3 90909090
 .text          0x000000000001241c       0x60 lib/lib.a(wait.o)
                0x000000000001241c                waitpid
                0x0000000000012459                wait
 *(.gnu.warning)

.fini
 *(.fini)
                0x000000000001247c                PROVIDE (__etext, .)
                0x000000000001247c                PROVIDE (_etext, .)
                0x000000000001247c                PROVIDE (etext, .)

.rodata         0x0000000000012480     0x1430
 *(.rodata .rodata.* .gnu.linkonce.r.*)
 .rodata.str1.1
                0x0000000000012480       0x5c init/main.o
                                         0x64 (size before relaxing)
 .rodata.str1.4
                0x00000000000124dc       0x49 init/main.o
 *fill*         0x0000000000012525       0x1b 00
 .rodata        0x0000000000012540      0x110 kernel/kernel.o
 .rodata.str1.1
                0x0000000000012650      0x1ee kernel/kernel.o
                                        0x1f3 (size before relaxing)
 *fill*         0x000000000001283e        0x2 00
 .rodata.str1.4
                0x0000000000012840      0x17c kernel/kernel.o
 .rodata.str1.4
                0x00000000000129bc      0x111 mm/mm.o
 .rodata.str1.1
                0x0000000000012acd       0x78 mm/mm.o
 *fill*         0x0000000000012b45       0x1b 00
 .rodata        0x0000000000012b60       0x60 fs/fs.o
 .rodata.str1.1
                0x0000000000012bc0      0x276 fs/fs.o
                                        0x278 (size before relaxing)
 *fill*         0x0000000000012e36        0x2 00
 .rodata.str1.4
                0x0000000000012e38      0x34f fs/fs.o
 *fill*         0x0000000000013187        0x1 00
 .rodata.str1.4
                0x0000000000013188       0x7b kernel/blk_drv/blk_drv.a(ll_rw_blk.o)
 .rodata.str1.1
                0x0000000000013203       0xa8 kernel/blk_drv/blk_drv.a(floppy.o)
 *fill*         0x00000000000132ab        0x1 00
 .rodata.str1.4
                0x00000000000132ac       0x8a kernel/blk_drv/blk_drv.a(floppy.o)
 .rodata.str1.1
                0x0000000000013336       0xa8 kernel/blk_drv/blk_drv.a(hd.o)
                                         0xc0 (size before relaxing)
 *fill*         0x00000000000133de        0x2 00
 .rodata.str1.4
                0x00000000000133e0       0xc2 kernel/blk_drv/blk_drv.a(hd.o)
 *fill*         0x00000000000134a2        0x2 00
 .rodata.str1.4
                0x00000000000134a4      0x116 kernel/blk_drv/blk_drv.a(ramdisk.o)
 .rodata.str1.1
                0x00000000000135ba       0x5c kernel/blk_drv/blk_drv.a(ramdisk.o)
                                         0x71 (size before relaxing)
 *fill*         0x0000000000013616        0x2 00
 .rodata        0x0000000000013618      0x15c kernel/chr_drv/chr_drv.a(console.o)
 .rodata.str1.1
                0x0000000000013774       0x1c kernel/chr_drv/chr_drv.a(console.o)
 .rodata.str1.1
                0x0000000000013790       0x11 kernel/chr_drv/chr_drv.a(tty_ioctl.o)
 *fill*         0x00000000000137a1       0x1f 00
 .rodata        0x00000000000137c0       0xa0 kernel/chr_drv/chr_drv.a(tty_ioctl.o)
 .rodata.str1.1
                0x0000000000013860       0x30 kernel/math/math.a(math_emulate.o)
 .rodata.str1.4
                0x0000000000013890       0x20 kernel/math/math.a(math_emulate.o)

.rodata1
 *(.rodata1)

.eh_frame_hdr
 *(.eh_frame_hdr)

.eh_frame       0x00000000000138b0     0x23b0
 *(.eh_frame)
 .eh_frame      0x00000000000138b0       0x80 init/main.o
 .eh_frame      0x0000000000013930      0xa14 kernel/kernel.o
                                        0xb04 (size before relaxing)
 .eh_frame      0x0000000000014344      0x1d4 mm/mm.o
                                        0x1ec (size before relaxing)
 .eh_frame      0x0000000000014518      0xe70 fs/fs.o
                                        0xff0 (size before relaxing)
 .eh_frame      0x0000000000015388       0x54 kernel/blk_drv/blk_drv.a(ll_rw_blk.o)
                                         0x6c (size before relaxing)
 .eh_frame      0x00000000000153dc      0x200 kernel/blk_drv/blk_drv.a(floppy.o)
                                        0x218 (size before relaxing)
 .eh_frame      0x00000000000155dc      0x188 kernel/blk_drv/blk_drv.a(hd.o)
                                        0x1a0 (size before relaxing)
 .eh_frame      0x0000000000015764       0x70 kernel/blk_drv/blk_drv.a(ramdisk.o)
                                         0x88 (size before relaxing)
 .eh_frame      0x00000000000157d4      0x16c kernel/chr_drv/chr_drv.a(tty_io.o)
                                        0x184 (size before relaxing)
 .eh_frame      0x0000000000015940      0x120 kernel/chr_drv/chr_drv.a(console.o)
                                        0x138 (size before relaxing)
 .eh_frame      0x0000000000015a60       0x48 kernel/chr_drv/chr_drv.a(serial.o)
                                         0x60 (size before relaxing)
 .eh_frame      0x0000000000015aa8       0x78 kernel/chr_drv/chr_drv.a(tty_ioctl.o)
                                         0x90 (size before relaxing)
 .eh_frame      0x0000000000015b20       0x40 kernel/math/math.a(math_emulate.o)
                                         0x58 (size before relaxing)
 .eh_frame      0x0000000000015b60       0x1c lib/lib.a(_exit.o)
                                         0x34 (size before relaxing)
 .eh_frame      0x0000000000015b7c       0x20 lib/lib.a(open.o)
                                         0x38 (size before relaxing)
 .eh_frame      0x0000000000015b9c       0x1c lib/lib.a(close.o)
                                         0x34 (size before relaxing)
 .eh_frame      0x0000000000015bb8       0x20 lib/lib.a(write.o)
                                         0x38 (size before relaxing)
 .eh_frame      0x0000000000015bd8       0x1c lib/lib.a(dup.o)
                                         0x34 (size before relaxing)
 .eh_frame      0x0000000000015bf4       0x14 lib/lib.a(setsid.o)
                                         0x2c (size before relaxing)
 .eh_frame      0x0000000000015c08       0x20 lib/lib.a(execve.o)
                                         0x38 (size before relaxing)
 .eh_frame      0x0000000000015c28       0x38 lib/lib.a(wait.o)
                                         0x50 (size before relaxing)

.gcc_except_table
 *(.gcc_except_table .gcc_except_table.*)

.exception_ranges
 *(.exception_ranges .exception_ranges*)
                0x0000000000015c60                . = (ALIGN (0x1000) - ((0x1000 - .) & 0xfff))
                0x0000000000016000                . = DATA_SEGMENT_ALIGN (0x1000, 0x1000)

.eh_frame
 *(.eh_frame)

.gcc_except_table
 *(.gcc_except_table .gcc_except_table.*)

.exception_ranges
 *(.exception_ranges .exception_ranges*)

.tdata
 *(.tdata .tdata.* .gnu.linkonce.td.*)

.tbss
 *(.tbss .tbss.* .gnu.linkonce.tb.*)
 *(.tcommon)

.preinit_array  0x0000000000016000        0x0
                0x0000000000016000                PROVIDE (__preinit_array_start, .)
 *(.preinit_array)
                0x0000000000016000                PROVIDE (__preinit_array_end, .)

.init_array     0x0000000000016000        0x0
                0x0000000000016000                PROVIDE (__init_array_start, .)
 *(SORT(.init_array.*) SORT(.ctors.*))
 *(.init_array)
 *(EXCLUDE_FILE(*crtend?.o *crtend.o *crtbegin?.o *crtbegin.o) .ctors)
                0x0000000000016000                PROVIDE (__init_array_end, .)

.fini_array     0x0000000000016000        0x0
                0x0000000000016000                PROVIDE (__fini_array_start, .)
 *(SORT(.fini_array.*) SORT(.dtors.*))
 *(.fini_array)
 *(EXCLUDE_FILE(*crtend?.o *crtend.o *crtbegin?.o *crtbegin.o) .dtors)
                0x0000000000016000                PROVIDE (__fini_array_end, .)

.ctors
 *crtbegin.o(.ctors)
 *crtbegin?.o(.ctors)
 *(EXCLUDE_FILE(*crtend?.o *crtend.o) .ctors)
 *(SORT(.ctors.*))
 *(.ctors)

.dtors
 *crtbegin.o(.dtors)
 *crtbegin?.o(.dtors)
 *(EXCLUDE_FILE(*crtend?.o *crtend.o) .dtors)
 *(SORT(.dtors.*))
 *(.dtors)

.jcr
 *(.jcr)

.data.rel.ro
 *(.data.rel.ro.local* .gnu.linkonce.d.rel.ro.local.*)
 *(.data.rel.ro* .gnu.linkonce.d.rel.ro.*)

.dynamic
 *(.dynamic)

.got
 *(.got)
 *(.igot)
                0x0000000000016000                . = DATA_SEGMENT_RELRO_END (., 0xc)

.got.plt        0x0000000000016000        0x0
 *(.got.plt)
 *(.igot.plt)
 .igot.plt      0x0000000000000000        0x0 boot/head.o

.data           0x0000000000016000     0x3a24
 *(.data .data.* .gnu.linkonce.d.*)
 .data          0x0000000000016000        0x0 boot/head.o
 .data          0x0000000000016000       0x20 init/main.o
 .data          0x0000000000016020     0x1290 kernel/kernel.o
                0x0000000000016020                current_DOR
                0x0000000000016024                stack_start
                0x0000000000016040                task
                0x0000000000016140                current
                0x0000000000016160                sys_call_table
 .data          0x00000000000172b0        0x0 mm/mm.o
 .data          0x00000000000172b0        0x8 fs/fs.o
                0x00000000000172b4                start_buffer
 .data          0x00000000000172b8        0x0 kernel/blk_drv/blk_drv.a(ll_rw_blk.o)
 *fill*         0x00000000000172b8        0x8 00
 .data          0x00000000000172c0       0xec kernel/blk_drv/blk_drv.a(floppy.o)
 .data          0x00000000000173ac        0xc kernel/blk_drv/blk_drv.a(hd.o)
 .data          0x00000000000173b8        0x0 kernel/blk_drv/blk_drv.a(ramdisk.o)
 *fill*         0x00000000000173b8        0x8 00
 .data          0x00000000000173c0     0x2540 kernel/chr_drv/chr_drv.a(tty_io.o)
                0x00000000000173c0                table_list
                0x00000000000173e0                tty_table
 .data          0x0000000000019900        0x1 kernel/chr_drv/chr_drv.a(console.o)
 *fill*         0x0000000000019901        0x3 00
 .data          0x0000000000019904        0x0 kernel/chr_drv/chr_drv.a(serial.o)
 .data          0x0000000000019904        0x0 kernel/chr_drv/chr_drv.a(tty_ioctl.o)
 .data          0x0000000000019904        0x0 kernel/math/math.a(math_emulate.o)
 *fill*         0x0000000000019904       0x1c 00
 .data          0x0000000000019920      0x101 lib/lib.a(ctype.o)
                0x0000000000019920                _ctype
 *fill*         0x0000000000019a21        0x3 00
 .data          0x0000000000019a24        0x0 lib/lib.a(_exit.o)
 .data          0x0000000000019a24        0x0 lib/lib.a(open.o)
 .data          0x0000000000019a24        0x0 lib/lib.a(close.o)
 .data          0x0000000000019a24        0x0 lib/lib.a(errno.o)
 .data          0x0000000000019a24        0x0 lib/lib.a(write.o)
 .data          0x0000000000019a24        0x0 lib/lib.a(dup.o)
 .data          0x0000000000019a24        0x0 lib/lib.a(setsid.o)
 .data          0x0000000000019a24        0x0 lib/lib.a(execve.o)
 .data          0x0000000000019a24        0x0 lib/lib.a(wait.o)

.data1
 *(.data1)
                0x0000000000019a24                _edata = .
                0x0000000000019a24                PROVIDE (edata, .)
                0x0000000000019a24                __bss_start = .

.bss            0x0000000000019a40     0x448c
 *(.dynbss)
 *(.bss .bss.* .gnu.linkonce.b.*)
 .bss           0x0000000000019a40        0x0 boot/head.o
 .bss           0x0000000000019a40      0x420 init/main.o
 .bss           0x0000000000019e60      0x760 kernel/kernel.o
                0x0000000000019e60                last_task_used_math
                0x0000000000019e64                startup_time
                0x0000000000019e68                jiffies
                0x000000000001a1a4                last_pid
 .bss           0x000000000001a5c0      0xf04 mm/mm.o
 *fill*         0x000000000001b4c4       0x1c 00
 .bss           0x000000000001b4e0      0x710 fs/fs.o
                0x000000000001b4e0                inode_table
                0x000000000001bbe0                nr_buffers
                0x000000000001bbec                ROOT_DEV
 *fill*         0x000000000001bbf0       0x10 00
 .bss           0x000000000001bc00       0x3c kernel/blk_drv/blk_drv.a(ll_rw_blk.o)
                0x000000000001bc00                blk_dev
                0x000000000001bc38                wait_for_request
 .bss           0x000000000001bc3c       0x29 kernel/blk_drv/blk_drv.a(floppy.o)
                0x000000000001bc3c                wait_on_floppy_select
                0x000000000001bc40                selected
                0x000000000001bc44                do_floppy
 *fill*         0x000000000001bc65       0x1b 00
 .bss           0x000000000001bc80       0x90 kernel/blk_drv/blk_drv.a(hd.o)
                0x000000000001bc80                hd_info
                0x000000000001bcb0                do_hd
 .bss           0x000000000001bd10        0x4 kernel/blk_drv/blk_drv.a(ramdisk.o)
                0x000000000001bd10                rd_length
 .bss           0x000000000001bd14        0x4 kernel/chr_drv/chr_drv.a(tty_io.o)
 *fill*         0x000000000001bd18        0x8 00
 .bss           0x000000000001bd20       0xb1 kernel/chr_drv/chr_drv.a(console.o)
                0x000000000001bd20                beepcount
 *fill*         0x000000000001bdd1        0x3 00
 .bss           0x000000000001bdd4        0x0 kernel/chr_drv/chr_drv.a(serial.o)
 .bss           0x000000000001bdd4        0x0 kernel/chr_drv/chr_drv.a(tty_ioctl.o)
 .bss           0x000000000001bdd4        0x0 kernel/math/math.a(math_emulate.o)
 .bss           0x000000000001bdd4        0x0 lib/lib.a(ctype.o)
 .bss           0x000000000001bdd4        0x0 lib/lib.a(_exit.o)
 .bss           0x000000000001bdd4        0x0 lib/lib.a(open.o)
 .bss           0x000000000001bdd4        0x0 lib/lib.a(close.o)
 .bss           0x000000000001bdd4        0x0 lib/lib.a(errno.o)
 .bss           0x000000000001bdd4        0x0 lib/lib.a(write.o)
 .bss           0x000000000001bdd4        0x0 lib/lib.a(dup.o)
 .bss           0x000000000001bdd4        0x0 lib/lib.a(setsid.o)
 .bss           0x000000000001bdd4        0x0 lib/lib.a(execve.o)
 .bss           0x000000000001bdd4        0x0 lib/lib.a(wait.o)
 *(COMMON)
 *fill*         0x000000000001bdd4        0xc 00
 COMMON         0x000000000001bde0       0x20 init/main.o
                0x000000000001bde0                drive_info
 COMMON         0x000000000001be00     0x1000 kernel/kernel.o
                0x000000000001be00                user_stack
 COMMON         0x000000000001ce00      0xc40 fs/fs.o
                0x000000000001ce00                hash_table
                0x000000000001d2e0                super_block
                0x000000000001d640                file_table
 COMMON         0x000000000001da40      0x480 kernel/blk_drv/blk_drv.a(ll_rw_blk.o)
                0x000000000001da40                request
 COMMON         0x000000000001dec0        0x4 kernel/blk_drv/blk_drv.a(ramdisk.o)
                0x000000000001dec0                rd_start
 COMMON         0x000000000001dec4        0x1 lib/lib.a(ctype.o)
                0x000000000001dec4                _ctmp
 *fill*         0x000000000001dec5        0x3 00
 COMMON         0x000000000001dec8        0x4 lib/lib.a(errno.o)
                0x000000000001dec8                errno
                0x000000000001decc                . = ALIGN ((. != 0x0)?0x4:0x1)
                0x000000000001decc                . = ALIGN (0x4)
                0x000000000001decc                . = ALIGN (0x4)
                0x000000000001decc                _end = .
                0x000000000001decc                PROVIDE (end, .)
                0x000000000001decc                . = DATA_SEGMENT_END (.)

.stab
 *(.stab)

.stabstr
 *(.stabstr)

.stab.excl
 *(.stab.excl)

.stab.exclstr
 *(.stab.exclstr)

.stab.index
 *(.stab.index)

.stab.indexstr
 *(.stab.indexstr)

.comment        0x0000000000000000       0x2a
 *(.comment)
 .comment       0x0000000000000000       0x2a init/main.o
                                         0x2b (size before relaxing)
 .comment       0x0000000000000000      0x1ae kernel/kernel.o
 .comment       0x0000000000000000       0x2b mm/mm.o
 .comment       0x0000000000000000      0x2db fs/fs.o
 .comment       0x0000000000000000       0x2b kernel/blk_drv/blk_drv.a(ll_rw_blk.o)
 .comment       0x0000000000000000       0x2b kernel/blk_drv/blk_drv.a(floppy.o)
 .comment       0x0000000000000000       0x2b kernel/blk_drv/blk_drv.a(hd.o)
 .comment       0x0000000000000000       0x2b kernel/blk_drv/blk_drv.a(ramdisk.o)
 .comment       0x0000000000000000       0x2b kernel/chr_drv/chr_drv.a(tty_io.o)
 .comment       0x0000000000000000       0x2b kernel/chr_drv/chr_drv.a(console.o)
 .comment       0x0000000000000000       0x2b kernel/chr_drv/chr_drv.a(serial.o)
 .comment       0x0000000000000000       0x2b kernel/chr_drv/chr_drv.a(tty_ioctl.o)
 .comment       0x0000000000000000       0x2b kernel/math/math.a(math_emulate.o)
 .comment       0x0000000000000000       0x2b lib/lib.a(ctype.o)
 .comment       0x0000000000000000       0x2b lib/lib.a(_exit.o)
 .comment       0x0000000000000000       0x2b lib/lib.a(open.o)
 .comment       0x0000000000000000       0x2b lib/lib.a(close.o)
 .comment       0x0000000000000000       0x2b lib/lib.a(errno.o)
 .comment       0x0000000000000000       0x2b lib/lib.a(write.o)
 .comment       0x0000000000000000       0x2b lib/lib.a(dup.o)
 .comment       0x0000000000000000       0x2b lib/lib.a(setsid.o)
 .comment       0x0000000000000000       0x2b lib/lib.a(execve.o)
 .comment       0x0000000000000000       0x2b lib/lib.a(wait.o)

.debug
 *(.debug)

.line
 *(.line)

.debug_srcinfo
 *(.debug_srcinfo)

.debug_sfnames
 *(.debug_sfnames)

.debug_aranges
 *(.debug_aranges)

.debug_pubnames
 *(.debug_pubnames)

.debug_info
 *(.debug_info .gnu.linkonce.wi.*)

.debug_abbrev
 *(.debug_abbrev)

.debug_line
 *(.debug_line)

.debug_frame
 *(.debug_frame)

.debug_str
 *(.debug_str)

.debug_loc
 *(.debug_loc)

.debug_macinfo
 *(.debug_macinfo)

.debug_weaknames
 *(.debug_weaknames)

.debug_funcnames
 *(.debug_funcnames)

.debug_typenames
 *(.debug_typenames)

.debug_varnames
 *(.debug_varnames)

.debug_pubtypes
 *(.debug_pubtypes)

.debug_ranges
 *(.debug_ranges)

.gnu.attributes
 *(.gnu.attributes)

/DISCARD/
 *(.note.GNU-stack)
 *(.gnu_debuglink)
 *(.gnu.lto_*)
OUTPUT(tools/system elf32-i386)
