Archive member included because of file (symbol)

kernel/blk_drv/blk_drv.a(ll_rw_blk.o)
                              fs/fs.o (ll_rw_block)
kernel/blk_drv/blk_drv.a(floppy.o)
                              kernel/kernel.o (do_floppy)
kernel/blk_drv/blk_drv.a(hd.o)
                              kernel/kernel.o (do_hd)
kernel/blk_drv/blk_drv.a(ramdisk.o)
                              kernel/blk_drv/blk_drv.a(hd.o) (rd_load)
kernel/chr_drv/chr_drv.a(tty_io.o)
                              init/main.o (tty_init)
kernel/chr_drv/chr_drv.a(console.o)
                              kernel/chr_drv/chr_drv.a(tty_io.o) (con_write)
kernel/chr_drv/chr_drv.a(keyboard.o)
                              kernel/chr_drv/chr_drv.a(console.o) (keyboard_interrupt)
kernel/chr_drv/chr_drv.a(serial.o)
                              kernel/chr_drv/chr_drv.a(tty_io.o) (rs_init)
kernel/chr_drv/chr_drv.a(rs_io.o)
                              kernel/chr_drv/chr_drv.a(serial.o) (rs1_interrupt)
kernel/chr_drv/chr_drv.a(tty_ioctl.o)
                              fs/fs.o (tty_ioctl)
kernel/math/math.a(math_emulate.o)
                              kernel/kernel.o (math_emulate)
lib/lib.a(ctype.o)            kernel/chr_drv/chr_drv.a(tty_io.o) (_ctype)
lib/lib.a(_exit.o)            init/main.o (_exit)
lib/lib.a(open.o)             init/main.o (open)
lib/lib.a(close.o)            init/main.o (close)
lib/lib.a(errno.o)            init/main.o (errno)
lib/lib.a(write.o)            init/main.o (write)
lib/lib.a(dup.o)              init/main.o (dup)
lib/lib.a(setsid.o)           init/main.o (setsid)
lib/lib.a(execve.o)           init/main.o (execve)
lib/lib.a(wait.o)             init/main.o (wait)

Allocating common symbols
Common symbol       size              file

errno               0x4               lib/lib.a(errno.o)
hash_table          0x4cc             fs/fs.o
rd_start            0x4               kernel/blk_drv/blk_drv.a(ramdisk.o)
request             0x480             kernel/blk_drv/blk_drv.a(ll_rw_blk.o)
user_stack          0x1000            kernel/kernel.o
_ctmp               0x1               lib/lib.a(ctype.o)
super_block         0x360             fs/fs.o
drive_info          0x20              init/main.o
file_table          0x400             fs/fs.o

Discarded input sections

 .note.GNU-stack
                0x0000000000000000        0x0 init/main.o
 .note.GNU-stack
                0x0000000000000000        0x0 kernel/kernel.o
 .note.GNU-stack
                0x0000000000000000        0x0 mm/mm.o
 .note.GNU-stack
                0x0000000000000000        0x0 fs/fs.o
 .note.GNU-stack
                0x0000000000000000        0x0 kernel/blk_drv/blk_drv.a(ll_rw_blk.o)
 .note.GNU-stack
                0x0000000000000000        0x0 kernel/blk_drv/blk_drv.a(floppy.o)
 .note.GNU-stack
                0x0000000000000000        0x0 kernel/blk_drv/blk_drv.a(hd.o)
 .note.GNU-stack
                0x0000000000000000        0x0 kernel/blk_drv/blk_drv.a(ramdisk.o)
 .note.GNU-stack
                0x0000000000000000        0x0 kernel/chr_drv/chr_drv.a(tty_io.o)
 .note.GNU-stack
                0x0000000000000000        0x0 kernel/chr_drv/chr_drv.a(console.o)
 .note.GNU-stack
                0x0000000000000000        0x0 kernel/chr_drv/chr_drv.a(serial.o)
 .note.GNU-stack
                0x0000000000000000        0x0 kernel/chr_drv/chr_drv.a(tty_ioctl.o)
 .note.GNU-stack
                0x0000000000000000        0x0 kernel/math/math.a(math_emulate.o)
 .note.GNU-stack
                0x0000000000000000        0x0 lib/lib.a(ctype.o)
 .note.GNU-stack
                0x0000000000000000        0x0 lib/lib.a(_exit.o)
 .note.GNU-stack
                0x0000000000000000        0x0 lib/lib.a(open.o)
 .note.GNU-stack
                0x0000000000000000        0x0 lib/lib.a(close.o)
 .note.GNU-stack
                0x0000000000000000        0x0 lib/lib.a(errno.o)
 .note.GNU-stack
                0x0000000000000000        0x0 lib/lib.a(write.o)
 .note.GNU-stack
                0x0000000000000000        0x0 lib/lib.a(dup.o)
 .note.GNU-stack
                0x0000000000000000        0x0 lib/lib.a(setsid.o)
 .note.GNU-stack
                0x0000000000000000        0x0 lib/lib.a(execve.o)
 .note.GNU-stack
                0x0000000000000000        0x0 lib/lib.a(wait.o)

Memory Configuration

Name             Origin             Length             Attributes
*default*        0x0000000000000000 0xffffffffffffffff

Linker script and memory map

Address of section .text set to 0x0
LOAD boot/head.o
LOAD init/main.o
LOAD kernel/kernel.o
LOAD mm/mm.o
LOAD fs/fs.o
LOAD kernel/blk_drv/blk_drv.a
LOAD kernel/chr_drv/chr_drv.a
LOAD kernel/math/math.a
LOAD lib/lib.a
                0x0000000008048000                PROVIDE (__executable_start, 0x8048000)
                0x0000000008048094                . = (0x8048000 + SIZEOF_HEADERS)

.interp
 *(.interp)

.note.gnu.build-id
 *(.note.gnu.build-id)

.hash
 *(.hash)

.gnu.hash
 *(.gnu.hash)

.dynsym
 *(.dynsym)

.dynstr
 *(.dynstr)

.gnu.version
 *(.gnu.version)

.gnu.version_d
 *(.gnu.version_d)

.gnu.version_r
 *(.gnu.version_r)

.rel.dyn        0x0000000008048094        0x0
 *(.rel.init)
 *(.rel.text .rel.text.* .rel.gnu.linkonce.t.*)
 .rel.text      0x0000000000000000        0x0 boot/head.o
 *(.rel.fini)
 *(.rel.rodata .rel.rodata.* .rel.gnu.linkonce.r.*)
 .rel.rodata    0x0000000000000000        0x0 boot/head.o
 *(.rel.data.rel.ro* .rel.gnu.linkonce.d.rel.ro.*)
 *(.rel.data .rel.data.* .rel.gnu.linkonce.d.*)
 .rel.data      0x0000000000000000        0x0 boot/head.o
 *(.rel.tdata .rel.tdata.* .rel.gnu.linkonce.td.*)
 *(.rel.tbss .rel.tbss.* .rel.gnu.linkonce.tb.*)
 *(.rel.ctors)
 *(.rel.dtors)
 *(.rel.got)
 *(.rel.bss .rel.bss.* .rel.gnu.linkonce.b.*)
 *(.rel.ifunc)

.rel.plt        0x0000000008048094        0x0
 *(.rel.plt)
                0x0000000008048094                PROVIDE (__rel_iplt_start, .)
 *(.rel.iplt)
 .rel.iplt      0x0000000000000000        0x0 boot/head.o
                0x0000000008048094                PROVIDE (__rel_iplt_end, .)

.init
 *(.init)

.plt            0x00000000080480a0        0x0
 *(.plt)
 *(.iplt)
 .iplt          0x0000000000000000        0x0 boot/head.o

.text           0x0000000000000000    0x12cd0
 *(.text.unlikely .text.*_unlikely)
 *(.text.exit .text.exit.*)
 *(.text.startup .text.startup.*)
 *(.text.hot .text.hot.*)
 *(.text .stub .text.* .gnu.linkonce.t.*)
 .text          0x0000000000000000     0x64b8 boot/head.o
                0x0000000000000000                startup_32
                0x0000000000000000                pg_dir
                0x0000000000005000                tmp_floppy_area
                0x00000000000054b8                idt
                0x0000000000005cb8                gdt
 *fill*         0x00000000000064b8        0x8 90909090
 .text          0x00000000000064c0      0x4b4 init/main.o
                0x0000000000006501                init
                0x000000000000670d                main
 *fill*         0x0000000000006974        0xc 90909090
 .text          0x0000000000006980     0x269b kernel/kernel.o
                0x0000000000006980                sys_alarm
                0x00000000000069e0                sys_getpid
                0x00000000000069ec                sys_getppid
                0x00000000000069f8                sys_getuid
                0x0000000000006a05                sys_geteuid
                0x0000000000006a12                sys_getgid
                0x0000000000006a1f                sys_getegid
                0x0000000000006a2c                sys_nice
                0x0000000000006a45                show_task
                0x0000000000006ab4                show_stat
                0x0000000000006ae1                math_state_restore
                0x0000000000006b1e                schedule
                0x0000000000006c1c                sys_pause
                0x0000000000006c32                sleep_on
                0x0000000000006c8c                interruptible_sleep_on
                0x0000000000006cf6                wake_up
                0x0000000000006d12                ticks_to_floppy_on
                0x0000000000006da0                floppy_on
                0x0000000000006dce                floppy_off
                0x0000000000006dde                do_floppy_timer
                0x0000000000006e60                add_timer
                0x0000000000006f24                do_timer
                0x0000000000006fd7                sched_init
                0x0000000000007108                system_call
                0x0000000000007182                coprocessor_error
                0x00000000000071a4                device_not_available
                0x00000000000071de                timer_interrupt
                0x0000000000007216                sys_execve
                0x0000000000007224                sys_fork
                0x000000000000723c                hd_interrupt
                0x0000000000007278                floppy_interrupt
                0x00000000000072ae                parallel_interrupt
                0x0000000000007429                do_double_fault
                0x0000000000007442                do_general_protection
                0x000000000000745b                do_divide_error
                0x0000000000007474                do_int3
                0x000000000000752c                do_nmi
                0x0000000000007545                do_debug
                0x000000000000755e                do_overflow
                0x0000000000007577                do_bounds
                0x0000000000007590                do_invalid_op
                0x00000000000075a9                do_device_not_available
                0x00000000000075c2                do_coprocessor_segment_overrun
                0x00000000000075db                do_invalid_TSS
                0x00000000000075f4                do_segment_not_present
                0x000000000000760d                do_stack_segment
                0x0000000000007626                do_coprocessor_error
                0x000000000000764c                do_reserved
                0x0000000000007665                trap_init
                0x0000000000007878                divide_error
                0x00000000000078ad                debug
                0x00000000000078b4                nmi
                0x00000000000078bb                int3
                0x00000000000078c2                overflow
                0x00000000000078c9                bounds
                0x00000000000078d0                invalid_op
                0x00000000000078d7                coprocessor_segment_overrun
                0x00000000000078de                reserved
                0x00000000000078e5                irq13
                0x00000000000078fa                double_fault
                0x0000000000007931                invalid_TSS
                0x0000000000007938                segment_not_present
                0x000000000000793f                stack_segment
                0x0000000000007946                general_protection
                0x0000000000007950                verify_area
                0x00000000000079b5                copy_mem
                0x0000000000007aaf                copy_process
                0x0000000000007d64                find_empty_process
                0x0000000000007dd0                panic
                0x0000000000007e0c                printk
                0x0000000000008096                vsprintf
                0x00000000000083c8                sys_ftime
                0x00000000000083ce                sys_break
                0x00000000000083d4                sys_ptrace
                0x00000000000083da                sys_stty
                0x00000000000083e0                sys_gtty
                0x00000000000083e6                sys_rename
                0x00000000000083ec                sys_prof
                0x00000000000083f2                sys_setregid
                0x0000000000008473                sys_setgid
                0x000000000000848a                sys_acct
                0x0000000000008490                sys_phys
                0x0000000000008496                sys_lock
                0x000000000000849c                sys_mpx
                0x00000000000084a2                sys_ulimit
                0x00000000000084a8                sys_time
                0x00000000000084fb                sys_setreuid
                0x0000000000008599                sys_setuid
                0x00000000000085b0                sys_stime
                0x00000000000085f3                sys_times
                0x0000000000008645                sys_brk
                0x0000000000008678                sys_setpgid
                0x00000000000086f7                sys_getpgrp
                0x0000000000008703                sys_setsid
                0x0000000000008749                sys_uname
                0x0000000000008792                sys_umask
                0x00000000000087b0                release
                0x000000000000880a                sys_kill
                0x00000000000089e2                do_exit
                0x0000000000008bff                sys_exit
                0x0000000000008c1a                sys_waitpid
                0x0000000000008d88                sys_sgetmask
                0x0000000000008d94                sys_ssetmask
                0x0000000000008dae                sys_signal
                0x0000000000008dec                sys_sigaction
                0x0000000000008ed0                do_signal
                0x0000000000008fb4                kernel_mktime
 *fill*         0x000000000000901b        0x1 90909090
 .text          0x000000000000901c      0x7d7 mm/mm.o
                0x000000000000901c                get_free_page
                0x0000000000009051                free_page
                0x00000000000090aa                free_page_tables
                0x0000000000009155                copy_page_tables
                0x0000000000009248                put_page
                0x00000000000092fb                un_wp_page
                0x00000000000093a3                do_wp_page
                0x00000000000093d3                write_verify
                0x0000000000009412                get_empty_page
                0x000000000000945a                do_no_page
                0x00000000000096df                mem_init
                0x0000000000009729                calc_mem
                0x00000000000097bc                page_fault
 *fill*         0x00000000000097f3        0xd 90909090
 .text          0x0000000000009800     0x51c1 fs/fs.o
                0x0000000000009800                sys_ustat
                0x0000000000009806                sys_utime
                0x0000000000009874                sys_access
                0x0000000000009906                sys_chdir
                0x0000000000009969                sys_chroot
                0x00000000000099cc                sys_chmod
                0x0000000000009a38                sys_chown
                0x0000000000009a95                sys_open
                0x0000000000009c52                sys_creat
                0x0000000000009c75                sys_close
                0x0000000000009d00                sys_lseek
                0x0000000000009dbc                sys_read
                0x0000000000009f1e                sys_write
                0x000000000000a443                invalidate_inodes
                0x000000000000a4a5                sync_inodes
                0x000000000000a4ef                bmap
                0x000000000000a508                create_block
                0x000000000000a521                iput
                0x000000000000a65e                get_empty_inode
                0x000000000000a757                get_pipe_inode
                0x000000000000a79c                iget
                0x000000000000a9f1                sys_sync
                0x000000000000aa59                sync_dev
                0x000000000000ab38                invalidate_buffers
                0x000000000000ab9e                check_disk_change
                0x000000000000ac66                get_hash_table
                0x000000000000acbe                getblk
                0x000000000000aeb1                brelse
                0x000000000000af03                bread
                0x000000000000af78                bread_page
                0x000000000000b027                breada
                0x000000000000b0e0                buffer_init
                0x000000000000b1c6                get_super
                0x000000000000b494                put_super
                0x000000000000b51e                sys_umount
                0x000000000000b630                sys_mount
                0x000000000000b735                mount_root
                0x000000000000b8b0                block_write
                0x000000000000b9b6                block_read
                0x000000000000bbb7                rw_char
                0x000000000000bc10                file_read
                0x000000000000bdbb                file_write
                0x000000000000bfb4                sys_stat
                0x000000000000bfec                sys_fstat
                0x000000000000c1aa                do_execve
                0x000000000000ca24                read_pipe
                0x000000000000cb36                write_pipe
                0x000000000000cc46                sys_pipe
                0x000000000000d2fa                namei
                0x000000000000d3b6                open_namei
                0x000000000000d632                sys_mknod
                0x000000000000d7d5                sys_mkdir
                0x000000000000da65                sys_rmdir
                0x000000000000de19                sys_unlink
                0x000000000000dff8                sys_link
                0x000000000000e1b4                free_block
                0x000000000000e2d2                new_block
                0x000000000000e41c                free_inode
                0x000000000000e516                new_inode
                0x000000000000e6da                sys_dup2
                0x000000000000e6fa                sys_dup
                0x000000000000e70a                sys_fcntl
                0x000000000000e7c8                sys_ioctl
                0x000000000000e8b9                truncate
 *fill*         0x000000000000e9c1        0xf 90909090
 .text          0x000000000000e9d0      0x23c kernel/blk_drv/blk_drv.a(ll_rw_blk.o)
                0x000000000000e9d0                ll_rw_block
                0x000000000000ebec                blk_dev_init
 *fill*         0x000000000000ec0c        0x4 90909090
 .text          0x000000000000ec10      0xc4b kernel/blk_drv/blk_drv.a(floppy.o)
                0x000000000000f2c1                floppy_deselect
                0x000000000000f6cf                floppy_change
                0x000000000000f746                setup_rw_floppy
                0x000000000000f7e2                unexpected_floppy_interrupt
                0x000000000000f824                floppy_init
 *fill*         0x000000000000f85b        0x5 90909090
 .text          0x000000000000f860      0x9a4 kernel/blk_drv/blk_drv.a(hd.o)
                0x000000000000ff71                sys_setup
                0x00000000000101a9                unexpected_hd_interrupt
                0x00000000000101bc                hd_init
 .text          0x0000000000010204      0x3a9 kernel/blk_drv/blk_drv.a(ramdisk.o)
                0x00000000000103ba                rd_init
                0x00000000000103ed                rd_load
 *fill*         0x00000000000105ad        0x3 90909090
 .text          0x00000000000105b0      0x889 kernel/chr_drv/chr_drv.a(tty_io.o)
                0x00000000000105f0                tty_init
                0x0000000000010601                tty_intr
                0x000000000001063a                wait_for_keypress
                0x000000000001064b                copy_to_cooked
                0x00000000000109c4                tty_read
                0x0000000000010c3e                tty_write
                0x0000000000010e1b                do_tty_interrupt
                0x0000000000010e37                chr_dev_init
 *fill*         0x0000000000010e39        0x7 90909090
 .text          0x0000000000010e40      0xf9f kernel/chr_drv/chr_drv.a(console.o)
                0x0000000000011125                csi_m
                0x0000000000011180                con_write
                0x0000000000011c15                con_init
                0x0000000000011dce                sysbeepstop
 *fill*         0x0000000000011ddf        0x1 90909090
 .text          0x0000000000011de0      0x7e2 kernel/chr_drv/chr_drv.a(keyboard.o)
                0x0000000000011de3                keyboard_interrupt
 *fill*         0x00000000000125c2        0x2 90909090
 .text          0x00000000000125c4       0xdc kernel/chr_drv/chr_drv.a(serial.o)
                0x000000000001261e                rs_init
                0x0000000000012676                rs_write
 .text          0x00000000000126a0       0xef kernel/chr_drv/chr_drv.a(rs_io.o)
                0x00000000000126a0                rs1_interrupt
                0x00000000000126a8                rs2_interrupt
 *fill*         0x000000000001278f        0x1 90909090
 .text          0x0000000000012790      0x31c kernel/chr_drv/chr_drv.a(tty_ioctl.o)
                0x0000000000012802                tty_ioctl
 .text          0x0000000000012aac       0x89 kernel/math/math.a(math_emulate.o)
                0x0000000000012aac                math_emulate
                0x0000000000012b21                math_error
 *fill*         0x0000000000012b35        0x3 90909090
 .text          0x0000000000012b38        0x0 lib/lib.a(ctype.o)
 .text          0x0000000000012b38        0xe lib/lib.a(_exit.o)
                0x0000000000012b38                _exit
 *fill*         0x0000000000012b46        0x2 90909090
 .text          0x0000000000012b48       0x3d lib/lib.a(open.o)
                0x0000000000012b48                open
 *fill*         0x0000000000012b85        0x3 90909090
 .text          0x0000000000012b88       0x23 lib/lib.a(close.o)
                0x0000000000012b88                close
 *fill*         0x0000000000012bab        0x1 90909090
 .text          0x0000000000012bac        0x0 lib/lib.a(errno.o)
 .text          0x0000000000012bac       0x3d lib/lib.a(write.o)
                0x0000000000012bac                write
 *fill*         0x0000000000012be9        0x3 90909090
 .text          0x0000000000012bec       0x23 lib/lib.a(dup.o)
                0x0000000000012bec                dup
 *fill*         0x0000000000012c0f        0x1 90909090
 .text          0x0000000000012c10       0x1e lib/lib.a(setsid.o)
                0x0000000000012c10                setsid
 *fill*         0x0000000000012c2e        0x2 90909090
 .text          0x0000000000012c30       0x3d lib/lib.a(execve.o)
                0x0000000000012c30                execve
 *fill*         0x0000000000012c6d        0x3 90909090
 .text          0x0000000000012c70       0x60 lib/lib.a(wait.o)
                0x0000000000012c70                waitpid
                0x0000000000012cad                wait
 *(.gnu.warning)

.fini
 *(.fini)
                0x0000000000012cd0                PROVIDE (__etext, .)
                0x0000000000012cd0                PROVIDE (_etext, .)
                0x0000000000012cd0                PROVIDE (etext, .)

.rodata         0x0000000000012ce0     0x1430
 *(.rodata .rodata.* .gnu.linkonce.r.*)
 .rodata.str1.1
                0x0000000000012ce0       0x5c init/main.o
                                         0x64 (size before relaxing)
 .rodata.str1.4
                0x0000000000012d3c       0x49 init/main.o
 *fill*         0x0000000000012d85       0x1b 00
 .rodata        0x0000000000012da0      0x110 kernel/kernel.o
 .rodata.str1.1
                0x0000000000012eb0      0x1ee kernel/kernel.o
                                        0x1f3 (size before relaxing)
 *fill*         0x000000000001309e        0x2 00
 .rodata.str1.4
                0x00000000000130a0      0x17c kernel/kernel.o
 .rodata.str1.4
                0x000000000001321c      0x111 mm/mm.o
 .rodata.str1.1
                0x000000000001332d       0x78 mm/mm.o
 *fill*         0x00000000000133a5       0x1b 00
 .rodata        0x00000000000133c0       0x60 fs/fs.o
 .rodata.str1.1
                0x0000000000013420      0x276 fs/fs.o
                                        0x278 (size before relaxing)
 *fill*         0x0000000000013696        0x2 00
 .rodata.str1.4
                0x0000000000013698      0x34f fs/fs.o
 *fill*         0x00000000000139e7        0x1 00
 .rodata.str1.4
                0x00000000000139e8       0x7b kernel/blk_drv/blk_drv.a(ll_rw_blk.o)
 .rodata.str1.1
                0x0000000000013a63       0xa8 kernel/blk_drv/blk_drv.a(floppy.o)
 *fill*         0x0000000000013b0b        0x1 00
 .rodata.str1.4
                0x0000000000013b0c       0x8a kernel/blk_drv/blk_drv.a(floppy.o)
 .rodata.str1.1
                0x0000000000013b96       0xa8 kernel/blk_drv/blk_drv.a(hd.o)
                                         0xc0 (size before relaxing)
 *fill*         0x0000000000013c3e        0x2 00
 .rodata.str1.4
                0x0000000000013c40       0xc2 kernel/blk_drv/blk_drv.a(hd.o)
 *fill*         0x0000000000013d02        0x2 00
 .rodata.str1.4
                0x0000000000013d04      0x116 kernel/blk_drv/blk_drv.a(ramdisk.o)
 .rodata.str1.1
                0x0000000000013e1a       0x5c kernel/blk_drv/blk_drv.a(ramdisk.o)
                                         0x71 (size before relaxing)
 *fill*         0x0000000000013e76        0x2 00
 .rodata        0x0000000000013e78      0x15c kernel/chr_drv/chr_drv.a(console.o)
 .rodata.str1.1
                0x0000000000013fd4       0x1c kernel/chr_drv/chr_drv.a(console.o)
 .rodata.str1.1
                0x0000000000013ff0       0x11 kernel/chr_drv/chr_drv.a(tty_ioctl.o)
 *fill*         0x0000000000014001       0x1f 00
 .rodata        0x0000000000014020       0xa0 kernel/chr_drv/chr_drv.a(tty_ioctl.o)
 .rodata.str1.1
                0x00000000000140c0       0x30 kernel/math/math.a(math_emulate.o)
 .rodata.str1.4
                0x00000000000140f0       0x20 kernel/math/math.a(math_emulate.o)

.rodata1
 *(.rodata1)

.eh_frame_hdr
 *(.eh_frame_hdr)

.eh_frame       0x0000000000014110     0x23b4
 *(.eh_frame)
 .eh_frame      0x0000000000014110       0x80 init/main.o
 .eh_frame      0x0000000000014190      0xa14 kernel/kernel.o
                                        0xb04 (size before relaxing)
 .eh_frame      0x0000000000014ba4      0x1d4 mm/mm.o
                                        0x1ec (size before relaxing)
 .eh_frame      0x0000000000014d78      0xe74 fs/fs.o
                                        0xff4 (size before relaxing)
 .eh_frame      0x0000000000015bec       0x54 kernel/blk_drv/blk_drv.a(ll_rw_blk.o)
                                         0x6c (size before relaxing)
 .eh_frame      0x0000000000015c40      0x200 kernel/blk_drv/blk_drv.a(floppy.o)
                                        0x218 (size before relaxing)
 .eh_frame      0x0000000000015e40      0x188 kernel/blk_drv/blk_drv.a(hd.o)
                                        0x1a0 (size before relaxing)
 .eh_frame      0x0000000000015fc8       0x70 kernel/blk_drv/blk_drv.a(ramdisk.o)
                                         0x88 (size before relaxing)
 .eh_frame      0x0000000000016038      0x16c kernel/chr_drv/chr_drv.a(tty_io.o)
                                        0x184 (size before relaxing)
 .eh_frame      0x00000000000161a4      0x120 kernel/chr_drv/chr_drv.a(console.o)
                                        0x138 (size before relaxing)
 .eh_frame      0x00000000000162c4       0x48 kernel/chr_drv/chr_drv.a(serial.o)
                                         0x60 (size before relaxing)
 .eh_frame      0x000000000001630c       0x78 kernel/chr_drv/chr_drv.a(tty_ioctl.o)
                                         0x90 (size before relaxing)
 .eh_frame      0x0000000000016384       0x40 kernel/math/math.a(math_emulate.o)
                                         0x58 (size before relaxing)
 .eh_frame      0x00000000000163c4       0x1c lib/lib.a(_exit.o)
                                         0x34 (size before relaxing)
 .eh_frame      0x00000000000163e0       0x20 lib/lib.a(open.o)
                                         0x38 (size before relaxing)
 .eh_frame      0x0000000000016400       0x1c lib/lib.a(close.o)
                                         0x34 (size before relaxing)
 .eh_frame      0x000000000001641c       0x20 lib/lib.a(write.o)
                                         0x38 (size before relaxing)
 .eh_frame      0x000000000001643c       0x1c lib/lib.a(dup.o)
                                         0x34 (size before relaxing)
 .eh_frame      0x0000000000016458       0x14 lib/lib.a(setsid.o)
                                         0x2c (size before relaxing)
 .eh_frame      0x000000000001646c       0x20 lib/lib.a(execve.o)
                                         0x38 (size before relaxing)
 .eh_frame      0x000000000001648c       0x38 lib/lib.a(wait.o)
                                         0x50 (size before relaxing)

.gcc_except_table
 *(.gcc_except_table .gcc_except_table.*)

.exception_ranges
 *(.exception_ranges .exception_ranges*)
                0x00000000000164c4                . = (ALIGN (0x1000) - ((0x1000 - .) & 0xfff))
                0x0000000000017000                . = DATA_SEGMENT_ALIGN (0x1000, 0x1000)

.eh_frame
 *(.eh_frame)

.gcc_except_table
 *(.gcc_except_table .gcc_except_table.*)

.exception_ranges
 *(.exception_ranges .exception_ranges*)

.tdata
 *(.tdata .tdata.* .gnu.linkonce.td.*)

.tbss
 *(.tbss .tbss.* .gnu.linkonce.tb.*)
 *(.tcommon)

.preinit_array  0x0000000000017000        0x0
                0x0000000000017000                PROVIDE (__preinit_array_start, .)
 *(.preinit_array)
                0x0000000000017000                PROVIDE (__preinit_array_end, .)

.init_array     0x0000000000017000        0x0
                0x0000000000017000                PROVIDE (__init_array_start, .)
 *(SORT(.init_array.*) SORT(.ctors.*))
 *(.init_array)
 *(EXCLUDE_FILE(*crtend?.o *crtend.o *crtbegin?.o *crtbegin.o) .ctors)
                0x0000000000017000                PROVIDE (__init_array_end, .)

.fini_array     0x0000000000017000        0x0
                0x0000000000017000                PROVIDE (__fini_array_start, .)
 *(SORT(.fini_array.*) SORT(.dtors.*))
 *(.fini_array)
 *(EXCLUDE_FILE(*crtend?.o *crtend.o *crtbegin?.o *crtbegin.o) .dtors)
                0x0000000000017000                PROVIDE (__fini_array_end, .)

.ctors
 *crtbegin.o(.ctors)
 *crtbegin?.o(.ctors)
 *(EXCLUDE_FILE(*crtend?.o *crtend.o) .ctors)
 *(SORT(.ctors.*))
 *(.ctors)

.dtors
 *crtbegin.o(.dtors)
 *crtbegin?.o(.dtors)
 *(EXCLUDE_FILE(*crtend?.o *crtend.o) .dtors)
 *(SORT(.dtors.*))
 *(.dtors)

.jcr
 *(.jcr)

.data.rel.ro
 *(.data.rel.ro.local* .gnu.linkonce.d.rel.ro.local.*)
 *(.data.rel.ro* .gnu.linkonce.d.rel.ro.*)

.dynamic
 *(.dynamic)

.got
 *(.got)
 *(.igot)
                0x0000000000017000                . = DATA_SEGMENT_RELRO_END (., 0xc)

.got.plt        0x0000000000017000        0x0
 *(.got.plt)
 *(.igot.plt)
 .igot.plt      0x0000000000000000        0x0 boot/head.o

.data           0x0000000000017000     0x3a24
 *(.data .data.* .gnu.linkonce.d.*)
 .data          0x0000000000017000        0x0 boot/head.o
 .data          0x0000000000017000       0x20 init/main.o
 .data          0x0000000000017020     0x1290 kernel/kernel.o
                0x0000000000017020                current_DOR
                0x0000000000017024                stack_start
                0x0000000000017040                task
                0x0000000000017140                current
                0x0000000000017160                sys_call_table
 .data          0x00000000000182b0        0x0 mm/mm.o
 .data          0x00000000000182b0        0x8 fs/fs.o
                0x00000000000182b4                start_buffer
 .data          0x00000000000182b8        0x0 kernel/blk_drv/blk_drv.a(ll_rw_blk.o)
 *fill*         0x00000000000182b8        0x8 00
 .data          0x00000000000182c0       0xec kernel/blk_drv/blk_drv.a(floppy.o)
 .data          0x00000000000183ac        0xc kernel/blk_drv/blk_drv.a(hd.o)
 .data          0x00000000000183b8        0x0 kernel/blk_drv/blk_drv.a(ramdisk.o)
 *fill*         0x00000000000183b8        0x8 00
 .data          0x00000000000183c0     0x2540 kernel/chr_drv/chr_drv.a(tty_io.o)
                0x00000000000183c0                table_list
                0x00000000000183e0                tty_table
 .data          0x000000000001a900        0x1 kernel/chr_drv/chr_drv.a(console.o)
 *fill*         0x000000000001a901        0x3 00
 .data          0x000000000001a904        0x0 kernel/chr_drv/chr_drv.a(keyboard.o)
 .data          0x000000000001a904        0x0 kernel/chr_drv/chr_drv.a(serial.o)
 .data          0x000000000001a904        0x0 kernel/chr_drv/chr_drv.a(rs_io.o)
 .data          0x000000000001a904        0x0 kernel/chr_drv/chr_drv.a(tty_ioctl.o)
 .data          0x000000000001a904        0x0 kernel/math/math.a(math_emulate.o)
 *fill*         0x000000000001a904       0x1c 00
 .data          0x000000000001a920      0x101 lib/lib.a(ctype.o)
                0x000000000001a920                _ctype
 *fill*         0x000000000001aa21        0x3 00
 .data          0x000000000001aa24        0x0 lib/lib.a(_exit.o)
 .data          0x000000000001aa24        0x0 lib/lib.a(open.o)
 .data          0x000000000001aa24        0x0 lib/lib.a(close.o)
 .data          0x000000000001aa24        0x0 lib/lib.a(errno.o)
 .data          0x000000000001aa24        0x0 lib/lib.a(write.o)
 .data          0x000000000001aa24        0x0 lib/lib.a(dup.o)
 .data          0x000000000001aa24        0x0 lib/lib.a(setsid.o)
 .data          0x000000000001aa24        0x0 lib/lib.a(execve.o)
 .data          0x000000000001aa24        0x0 lib/lib.a(wait.o)

.data1
 *(.data1)
                0x000000000001aa24                _edata = .
                0x000000000001aa24                PROVIDE (edata, .)
                0x000000000001aa24                __bss_start = .

.bss            0x000000000001aa40     0x448c
 *(.dynbss)
 *(.bss .bss.* .gnu.linkonce.b.*)
 .bss           0x000000000001aa40        0x0 boot/head.o
 .bss           0x000000000001aa40      0x420 init/main.o
 .bss           0x000000000001ae60      0x760 kernel/kernel.o
                0x000000000001ae60                last_task_used_math
                0x000000000001ae64                startup_time
                0x000000000001ae68                jiffies
                0x000000000001b1a4                last_pid
 .bss           0x000000000001b5c0      0xf04 mm/mm.o
 *fill*         0x000000000001c4c4       0x1c 00
 .bss           0x000000000001c4e0      0x710 fs/fs.o
                0x000000000001c4e0                inode_table
                0x000000000001cbe0                nr_buffers
                0x000000000001cbec                ROOT_DEV
 *fill*         0x000000000001cbf0       0x10 00
 .bss           0x000000000001cc00       0x3c kernel/blk_drv/blk_drv.a(ll_rw_blk.o)
                0x000000000001cc00                blk_dev
                0x000000000001cc38                wait_for_request
 .bss           0x000000000001cc3c       0x29 kernel/blk_drv/blk_drv.a(floppy.o)
                0x000000000001cc3c                wait_on_floppy_select
                0x000000000001cc40                selected
                0x000000000001cc44                do_floppy
 *fill*         0x000000000001cc65       0x1b 00
 .bss           0x000000000001cc80       0x90 kernel/blk_drv/blk_drv.a(hd.o)
                0x000000000001cc80                hd_info
                0x000000000001ccb0                do_hd
 .bss           0x000000000001cd10        0x4 kernel/blk_drv/blk_drv.a(ramdisk.o)
                0x000000000001cd10                rd_length
 .bss           0x000000000001cd14        0x4 kernel/chr_drv/chr_drv.a(tty_io.o)
 *fill*         0x000000000001cd18        0x8 00
 .bss           0x000000000001cd20       0xb1 kernel/chr_drv/chr_drv.a(console.o)
                0x000000000001cd20                beepcount
 *fill*         0x000000000001cdd1        0x3 00
 .bss           0x000000000001cdd4        0x0 kernel/chr_drv/chr_drv.a(keyboard.o)
 .bss           0x000000000001cdd4        0x0 kernel/chr_drv/chr_drv.a(serial.o)
 .bss           0x000000000001cdd4        0x0 kernel/chr_drv/chr_drv.a(rs_io.o)
 .bss           0x000000000001cdd4        0x0 kernel/chr_drv/chr_drv.a(tty_ioctl.o)
 .bss           0x000000000001cdd4        0x0 kernel/math/math.a(math_emulate.o)
 .bss           0x000000000001cdd4        0x0 lib/lib.a(ctype.o)
 .bss           0x000000000001cdd4        0x0 lib/lib.a(_exit.o)
 .bss           0x000000000001cdd4        0x0 lib/lib.a(open.o)
 .bss           0x000000000001cdd4        0x0 lib/lib.a(close.o)
 .bss           0x000000000001cdd4        0x0 lib/lib.a(errno.o)
 .bss           0x000000000001cdd4        0x0 lib/lib.a(write.o)
 .bss           0x000000000001cdd4        0x0 lib/lib.a(dup.o)
 .bss           0x000000000001cdd4        0x0 lib/lib.a(setsid.o)
 .bss           0x000000000001cdd4        0x0 lib/lib.a(execve.o)
 .bss           0x000000000001cdd4        0x0 lib/lib.a(wait.o)
 *(COMMON)
 *fill*         0x000000000001cdd4        0xc 00
 COMMON         0x000000000001cde0       0x20 init/main.o
                0x000000000001cde0                drive_info
 COMMON         0x000000000001ce00     0x1000 kernel/kernel.o
                0x000000000001ce00                user_stack
 COMMON         0x000000000001de00      0xc40 fs/fs.o
                0x000000000001de00                hash_table
                0x000000000001e2e0                super_block
                0x000000000001e640                file_table
 COMMON         0x000000000001ea40      0x480 kernel/blk_drv/blk_drv.a(ll_rw_blk.o)
                0x000000000001ea40                request
 COMMON         0x000000000001eec0        0x4 kernel/blk_drv/blk_drv.a(ramdisk.o)
                0x000000000001eec0                rd_start
 COMMON         0x000000000001eec4        0x1 lib/lib.a(ctype.o)
                0x000000000001eec4                _ctmp
 *fill*         0x000000000001eec5        0x3 00
 COMMON         0x000000000001eec8        0x4 lib/lib.a(errno.o)
                0x000000000001eec8                errno
                0x000000000001eecc                . = ALIGN ((. != 0x0)?0x4:0x1)
                0x000000000001eecc                . = ALIGN (0x4)
                0x000000000001eecc                . = ALIGN (0x4)
                0x000000000001eecc                _end = .
                0x000000000001eecc                PROVIDE (end, .)
                0x000000000001eecc                . = DATA_SEGMENT_END (.)

.stab
 *(.stab)

.stabstr
 *(.stabstr)

.stab.excl
 *(.stab.excl)

.stab.exclstr
 *(.stab.exclstr)

.stab.index
 *(.stab.index)

.stab.indexstr
 *(.stab.indexstr)

.comment        0x0000000000000000       0x2a
 *(.comment)
 .comment       0x0000000000000000       0x2a init/main.o
                                         0x2b (size before relaxing)
 .comment       0x0000000000000000      0x1ae kernel/kernel.o
 .comment       0x0000000000000000       0x2b mm/mm.o
 .comment       0x0000000000000000      0x2db fs/fs.o
 .comment       0x0000000000000000       0x2b kernel/blk_drv/blk_drv.a(ll_rw_blk.o)
 .comment       0x0000000000000000       0x2b kernel/blk_drv/blk_drv.a(floppy.o)
 .comment       0x0000000000000000       0x2b kernel/blk_drv/blk_drv.a(hd.o)
 .comment       0x0000000000000000       0x2b kernel/blk_drv/blk_drv.a(ramdisk.o)
 .comment       0x0000000000000000       0x2b kernel/chr_drv/chr_drv.a(tty_io.o)
 .comment       0x0000000000000000       0x2b kernel/chr_drv/chr_drv.a(console.o)
 .comment       0x0000000000000000       0x2b kernel/chr_drv/chr_drv.a(serial.o)
 .comment       0x0000000000000000       0x2b kernel/chr_drv/chr_drv.a(tty_ioctl.o)
 .comment       0x0000000000000000       0x2b kernel/math/math.a(math_emulate.o)
 .comment       0x0000000000000000       0x2b lib/lib.a(ctype.o)
 .comment       0x0000000000000000       0x2b lib/lib.a(_exit.o)
 .comment       0x0000000000000000       0x2b lib/lib.a(open.o)
 .comment       0x0000000000000000       0x2b lib/lib.a(close.o)
 .comment       0x0000000000000000       0x2b lib/lib.a(errno.o)
 .comment       0x0000000000000000       0x2b lib/lib.a(write.o)
 .comment       0x0000000000000000       0x2b lib/lib.a(dup.o)
 .comment       0x0000000000000000       0x2b lib/lib.a(setsid.o)
 .comment       0x0000000000000000       0x2b lib/lib.a(execve.o)
 .comment       0x0000000000000000       0x2b lib/lib.a(wait.o)

.debug
 *(.debug)

.line
 *(.line)

.debug_srcinfo
 *(.debug_srcinfo)

.debug_sfnames
 *(.debug_sfnames)

.debug_aranges
 *(.debug_aranges)

.debug_pubnames
 *(.debug_pubnames)

.debug_info
 *(.debug_info .gnu.linkonce.wi.*)

.debug_abbrev
 *(.debug_abbrev)

.debug_line
 *(.debug_line)

.debug_frame
 *(.debug_frame)

.debug_str
 *(.debug_str)

.debug_loc
 *(.debug_loc)

.debug_macinfo
 *(.debug_macinfo)

.debug_weaknames
 *(.debug_weaknames)

.debug_funcnames
 *(.debug_funcnames)

.debug_typenames
 *(.debug_typenames)

.debug_varnames
 *(.debug_varnames)

.debug_pubtypes
 *(.debug_pubtypes)

.debug_ranges
 *(.debug_ranges)

.gnu.attributes
 *(.gnu.attributes)

/DISCARD/
 *(.note.GNU-stack)
 *(.gnu_debuglink)
 *(.gnu.lto_*)
OUTPUT(tools/system elf32-i386)
